
> app@0.1.0 build
> next build

node.exe : ÔÜá Warning: Next.
js inferred your workspace ro
ot, but it may not be correct
.
At line:1 char:1
+ & "C:\Program Files\nodejs/
node.exe" "C:\Program Files\n
odejs/node_mo ...
+ ~~~~~~~~~~~~~~~~~~~~~~~~~~~
~~~~~~~~~~~~~~~~~~~~~~~~~~~~~
~~~~~~~~~~~~~
    + CategoryInfo           
   : NotSpecified: (ÔÜá War  
  ning: Ne...not be correc   
 t.:String) [], RemoteExc    
eption
    + FullyQualifiedErrorId  
   : NativeCommandError
 
 We detected multiple lockfil
es and selected the directory
 of C:\Users\Admin\Desktop\Ka
mera-Panel\package-lock.json 
as the root directory.
 To silence this warning, set
 `turbopack.root` in your Nex
t.js config, or consider remo
ving one of the lockfiles if 
it's not needed.
   See https://nextjs.org/doc
s/app/api-reference/config/ne
xt-config-js/turbopack#root-d
irectory for more information
.
 Detected additional lockfile
s: 
   * C:\Users\Admin\Desktop\K
amera-Panel\app\package-lock.
json

Ôû▓ Next.js 16.1.6 (Turbopack)
- Environments: .env.local
- Experiments (use with caution):
  ┬À serverActions

ÔÜá The "middleware" file con
vention is deprecated. Please
 use "proxy" instead. Learn m
ore: https://nextjs.org/docs/
messages/middleware-to-proxy
  Creating an optimized production build ...

> Build error occurred
Error: Turbopack build failed
 with 1 errors:
./app/app/page.js:16:1
Module not found: Can't resol
ve '@/components/pages/PrimPa
ge'
[0m [90m 14 |[39m [36mimp
ort[39m [33mArgeTasarimPage
[39m [36mfrom[39m [32m'@/
components/pages/ArgeTasarimP
age'[39m[33m;[39m
 [90m 15 |[39m [36mimport
[39m [33mMagazaPage[39m [3
6mfrom[39m [32m'@/component
s/pages/MagazaPage'[39m[33m
;[39m
[31m[1m>[22m[39m[90m 16 
|[39m [36mimport[39m [33m
PrimPage[39m [36mfrom[39m 
[32m'@/components/pages/Prim
Page'[39m[33m;[39m
 [90m    |[39m [31m[1m^[
22m[39m[31m[1m^[22m[39m
[31m[1m^[22m[39m[31m[1m^
[22m[39m[31m[1m^[22m[39
m[31m[1m^[22m[39m[31m[1
m^[22m[39m[31m[1m^[22m[
39m[31m[1m^[22m[39m[31m
[1m^[22m[39m[31m[1m^[22m
[39m[31m[1m^[22m[39m[31
m[1m^[22m[39m[31m[1m^[2
2m[39m[31m[1m^[22m[39m[
31m[1m^[22m[39m[31m[1m^
[22m[39m[31m[1m^[22m[39m
[31m[1m^[22m[39m[31m[1m
^[22m[39m[31m[1m^[22m[3
9m[31m[1m^[22m[39m[31m[
1m^[22m[39m[31m[1m^[22m
[39m[31m[1m^[22m[39m[31m
[1m^[22m[39m[31m[1m^[22
m[39m[31m[1m^[22m[39m[3
1m[1m^[22m[39m[31m[1m^[
22m[39m[31m[1m^[22m[39m
[31m[1m^[22m[39m[31m[1m^
[22m[39m[31m[1m^[22m[39
m[31m[1m^[22m[39m[31m[1
m^[22m[39m[31m[1m^[22m[
39m[31m[1m^[22m[39m[31m
[1m^[22m[39m[31m[1m^[22m
[39m[31m[1m^[22m[39m[31
m[1m^[22m[39m[31m[1m^[2
2m[39m[31m[1m^[22m[39m[
31m[1m^[22m[39m[31m[1m^
[22m[39m[31m[1m^[22m[39m
[31m[1m^[22m[39m[31m[1m
^[22m[39m[31m[1m^[22m[3
9m[31m[1m^[22m[39m
 [90m 17 |[39m [36mimport
[39m [33mImalatPage[39m [3
6mfrom[39m [32m'./imalat-pa
ge'[39m[33m;[39m
 [90m 18 |[39m [36mimport
[39m { [33mShoppingCart[39m
[33m,[39m [33mShirt[39m[
33m,[39m [33mUsers[39m[33
m,[39m [33mFactory[39m[33
m,[39m [33mCalculator[39m
[33m,[39m [33mLineChart[39
m[33m,[39m [33mShieldCheck
[39m[33m,[39m [33mWrench
[39m[33m,[39m [33mPackage
[39m[33m,[39m [33mAward[3
9m[33m,[39m [33mSettings[
39m[33m,[39m [33mCog[39m
[33m,[39m [33mBriefcase[39
m[33m,[39m [33mBarChart3[
39m[33m,[39m [33mMessageSq
uare[39m[33m,[39m [33mMic
[39m[33m,[39m [33mBot[39
m[33m,[39m [33mPhoneCall[
39m[33m,[39m [33mZap[39m
[33m,[39m [33mPlay[39m[33
m,[39m [33mLayoutDashboard
[39m[33m,[39m [33mCpu[39m
[33m,[39m [33mHelpCircle[
39m[33m,[39m [33mActivity
[39m[33m,[39m [33mGlobe[3
9m[33m,[39m [33mDatabase[
39m[33m,[39m [33mTarget[3
9m[33m,[39m [33mDiamond[3
9m[33m,[39m [33mTrendingUp
[39m[33m,[39m [33mTrendin
gDown[39m[33m,[39m [33mAr
rowUpRight[39m[33m,[39m [
33mCrosshair[39m[33m,[39m 
[33mStore[39m } [36mfrom[
39m [32m'lucide-react'[39m
[33m;[39m
 [90m 19 |[39m[0m

Import map: aliased to relati
ve './app/components/pages/Pr
imPage' inside of [project]/a
pp


Import traces:
  Client Component Browser:
    ./app/app/page.js [Client
 Component Browser]
    ./app/app/page.js [Server
 Component]

  Client Component SSR:
    ./app/app/page.js [Client
 Component SSR]
    ./app/app/page.js [Server
 Component]

https://nextjs.org/docs/messa
ges/module-not-found


    at <unknown> (./app/app/p
age.js:16:1)
    at <unknown> (https://nex
tjs.org/docs/messages/module-
not-found)
