﻿[dotenv@17.3.1] injecting env (0) from ..\..\.env.local -- tip: ÔÜÖ´©Å  write to custom object with { processEnv: myObject }
Tekniker Ajan Yukleniyor...
node : (node:22120) [MODULE_TYPELESS_PACKAGE_JS
ON] Warning: Module type of file:///C:/Users/Ad
min/Desktop/Kamera-Panel/app/lib/agents/teknike
r.js is not specified and it doesn't parse as C
ommonJS.
At line:1 char:1
+ node test-agent.js > test_output.txt 2>&1
+ ~~~~~~~~~~~~~~~~~~~~~~~~~~~~~~~~~~~~~~~~~
    + CategoryInfo          : NotSpecified: ((n
ode    :22120) [M...se as CommonJS.:String) [],
 Remot    eException
    + FullyQualifiedErrorId : NativeCommandErro
r
 
Reparsing as ES module because module syntax wa
s detected. This incurs a performance overhead.
To eliminate this warning, add "type": "module"
 to C:\Users\Admin\Desktop\Kamera-Panel\app\pac
kage.json.
(Use `node --trace-warnings ...` to show where 
the warning was created)
Test hatasi: Error: supabaseUrl is required.
    at validateSupabaseUrl (file:///C:/Users/Ad
min/Desktop/Kamera-Panel/app/node_modules/@supa
base/supabase-js/dist/index.mjs:150:25)
    at new SupabaseClient (file:///C:/Users/Adm
in/Desktop/Kamera-Panel/app/node_modules/@supab
ase/supabase-js/dist/index.mjs:199:19)
    at createClient (file:///C:/Users/Admin/Des
ktop/Kamera-Panel/app/node_modules/@supabase/su
pabase-js/dist/index.mjs:392:9)
    at file:///C:/Users/Admin/Desktop/Kamera-Pa
nel/app/lib/agents/tekniker.js:8:18
    at ModuleJob.run (node:internal/modules/esm
/module_job:413:25)
    at process.processTicksAndRejections (node:
internal/process/task_queues:103:5)
    at async onImport.tracePromise.__proto__ (n
ode:internal/modules/esm/loader:660:26)
    at async testAgent (C:\Users\Admin\Desktop\
Kamera-Panel\app\test-agent.js:12:38)
